2026-01-03 10:49:07:497 [32minfo[39m: [32mServer started successfully on port 3000[39m
2026-01-03 10:49:15:4915 [32minfo[39m: [32mServer started successfully on port 3000[39m
2026-01-03 10:49:50:4950 [32minfo[39m: [32mServer started successfully on port 3000[39m
2026-01-03 10:50:08:508 [32minfo[39m: [32mServer started successfully on port 3000[39m
2026-01-03 10:50:10:5010 [32minfo[39m: [32mServer started successfully on port 3000[39m
2026-01-03 10:50:18:5018 [32minfo[39m: [32mServer started successfully on port 3000[39m
2026-01-03 10:50:50:5050 [32minfo[39m: [32mServer started successfully on port 3000[39m
2026-01-03 10:51:30:5130 [32minfo[39m: [32mServer started successfully on port 3000[39m
2026-01-03 10:51:37:5137 [32minfo[39m: [32mServer started successfully on port 3000[39m
2026-01-03 10:52:26:5226 [33mwarn[39m: [33m404 - Page not found: POST /resendotp[39m
2026-01-03 10:52:26:5226 [35mhttp[39m: [35m::1 POST /resendotp 404 10429 - 42.903 ms[39m
2026-01-03 10:52:30:5230 [33mwarn[39m: [33m404 - Page not found: GET /auth/login/otp?id=diluhd9d9@gmail.com[39m
2026-01-03 10:52:30:5230 [35mhttp[39m: [35m::1 GET /auth/login/otp?id=diluhd9d9@gmail.com 404 10429 - 7.368 ms[39m
2026-01-03 10:52:30:5230 [33mwarn[39m: [33m404 - Page not found: GET /auth/login/assets/css/bootstrap.min.css[39m
2026-01-03 10:52:30:5230 [35mhttp[39m: [35m::1 GET /auth/login/assets/css/bootstrap.min.css 404 10429 - 4.088 ms[39m
2026-01-03 10:52:30:5230 [33mwarn[39m: [33m404 - Page not found: GET /auth/login/assets/newimages/logo.png[39m
2026-01-03 10:52:30:5230 [33mwarn[39m: [33m404 - Page not found: GET /auth/login/assets/js/jquery.min.js[39m
2026-01-03 10:52:30:5230 [33mwarn[39m: [33m404 - Page not found: GET /auth/login/assets/js/bootstrap.bundle.min.js[39m
2026-01-03 10:52:30:5230 [35mhttp[39m: [35m::1 GET /auth/login/assets/js/jquery.min.js 404 10429 - 14.776 ms[39m
2026-01-03 10:52:30:5230 [35mhttp[39m: [35m::1 GET /auth/login/assets/js/bootstrap.bundle.min.js 404 10429 - 18.546 ms[39m
2026-01-03 10:52:30:5230 [35mhttp[39m: [35m::1 GET /auth/login/assets/newimages/logo.png 404 10429 - 7.146 ms[39m
2026-01-03 10:52:30:5230 [33mwarn[39m: [33m404 - Page not found: GET /auth/login/assets/newimages/logo.png[39m
2026-01-03 10:52:30:5230 [35mhttp[39m: [35m::1 GET /auth/login/assets/newimages/logo.png 404 10429 - 2.718 ms[39m
2026-01-03 10:52:40:5240 [35mhttp[39m: [35m::1 GET /auth/register/otp?id=diluhd9d9@gmail.com 200 15358 - 13.763 ms[39m
2026-01-03 10:52:44:5244 [35mhttp[39m: [35m::1 POST /auth/register/otp 200 15442 - 10.903 ms[39m
2026-01-03 10:53:02:532 [35mhttp[39m: [35m::1 POST /auth/register/otp 200 15442 - 13.295 ms[39m
2026-01-03 10:53:46:5346 [35mhttp[39m: [35m::1 POST /auth/register/otp/resend 200 15452 - 3362.036 ms[39m
2026-01-03 10:55:06:556 [32minfo[39m: [32mServer started successfully on port 3000[39m
2026-01-03 10:56:09:569 [32minfo[39m: [32mServer started successfully on port 3000[39m
2026-01-03 10:57:13:5713 [32minfo[39m: [32mServer started successfully on port 3000[39m
2026-01-03 10:58:44:5844 [35mhttp[39m: [35m::1 POST /auth/register/otp/resend 200 15452 - 3676.588 ms[39m
2026-01-03 10:58:47:5847 [35mhttp[39m: [35m::1 GET / 200 54401 - 74.517 ms[39m
2026-01-03 10:58:50:5850 [35mhttp[39m: [35m::1 GET /shop/product?id=66a544df1bd7369a46cafbc5 200 16964 - 33.191 ms[39m
2026-01-03 10:58:54:5854 [35mhttp[39m: [35m::1 GET / 200 54401 - 36.478 ms[39m
2026-01-03 10:59:07:597 [35mhttp[39m: [35m::1 POST /auth/login 200 16 - 78.056 ms[39m
2026-01-03 10:59:09:599 [35mhttp[39m: [35m::1 GET /home 200 57938 - 42.366 ms[39m
2026-01-03 10:59:12:5912 [35mhttp[39m: [35m::1 GET /dashboard 200 96771 - 83.457 ms[39m
2026-01-03 10:59:15:5915 [35mhttp[39m: [35m::1 GET /auth/logout 302 46 - 9.359 ms[39m
2026-01-03 10:59:15:5915 [35mhttp[39m: [35m::1 GET / 200 54401 - 21.519 ms[39m
2026-01-03 11:02:47:247 [32minfo[39m: [32mServer started successfully on port 3000[39m
2026-01-03 11:03:20:320 [32minfo[39m: [32mServer started successfully on port 3000[39m
2026-01-03 11:03:47:347 [32minfo[39m: [32mServer started successfully on port 3000[39m
2026-01-03 11:04:48:448 [32minfo[39m: [32mServer started successfully on port 3000[39m
2026-01-03 11:05:10:510 [32minfo[39m: [32mServer started successfully on port 3000[39m
2026-01-03 11:05:36:536 [32minfo[39m: [32mServer started successfully on port 3000[39m
2026-01-03 11:05:50:550 [32minfo[39m: [32mServer started successfully on port 3000[39m
2026-01-03 11:07:11:711 [35mhttp[39m: [35m::1 GET /cart 302 66 - 16.697 ms[39m
2026-01-03 11:07:11:711 [35mhttp[39m: [35m::1 GET /auth/login 200 22192 - 29.787 ms[39m
2026-01-03 11:07:24:724 [35mhttp[39m: [35m::1 POST /auth/login 200 16 - 95.196 ms[39m
2026-01-03 11:07:24:724 [35mhttp[39m: [35m::1 GET /home 200 57932 - 130.900 ms[39m
2026-01-03 11:07:26:726 [35mhttp[39m: [35m::1 GET /cart 200 28360 - 46.087 ms[39m
2026-01-03 11:07:32:732 [35mhttp[39m: [35m::1 GET / 302 54 - 7.276 ms[39m
2026-01-03 11:07:32:732 [35mhttp[39m: [35m::1 GET /home 200 57932 - 56.081 ms[39m
2026-01-03 11:07:34:734 [35mhttp[39m: [35m::1 GET /wishlist 200 31078 - 25.467 ms[39m
2026-01-03 11:08:37:837 [32minfo[39m: [32mServer started successfully on port 3000[39m
2026-01-03 11:08:51:851 [32minfo[39m: [32mServer started successfully on port 3000[39m
2026-01-03 11:10:09:109 [32minfo[39m: [32mServer started successfully on port 3000[39m
2026-01-03 11:11:37:1137 [32minfo[39m: [32mServer started successfully on port 3000[39m
2026-01-03 11:12:33:1233 [32minfo[39m: [32mServer started successfully on port 3000[39m
2026-01-03 11:13:10:1310 [32minfo[39m: [32mServer started successfully on port 3000[39m
2026-01-03 11:13:32:1332 [32minfo[39m: [32mServer started successfully on port 3000[39m
2026-01-03 11:14:45:1445 [32minfo[39m: [32mServer started successfully on port 3000[39m
2026-01-03 11:15:00:150 [32minfo[39m: [32mServer started successfully on port 3000[39m
2026-01-03 11:15:18:1518 [32minfo[39m: [32mServer started successfully on port 3000[39m
2026-01-03 11:15:44:1544 [32minfo[39m: [32mServer started successfully on port 3000[39m
2026-01-03 11:34:00:340 [32minfo[39m: [32mServer started successfully on port 3000[39m
2026-01-03 11:34:53:3453 [32minfo[39m: [32mServer started successfully on port 3000[39m
2026-01-03 11:35:09:359 [32minfo[39m: [32mServer started successfully on port 3000[39m
2026-01-03 11:35:30:3530 [32minfo[39m: [32mServer started successfully on port 3000[39m
2026-01-03 11:35:48:3548 [32minfo[39m: [32mServer started successfully on port 3000[39m
2026-01-03 11:39:49:3949 [32minfo[39m: [32mServer started successfully on port 3000[39m
2026-01-03 11:40:04:404 [32minfo[39m: [32mServer started successfully on port 3000[39m
2026-01-03 11:40:18:4018 [32minfo[39m: [32mServer started successfully on port 3000[39m
2026-01-03 11:40:42:4042 [32minfo[39m: [32mServer started successfully on port 3000[39m
2026-01-03 11:43:29:4329 [35mhttp[39m: [35m::1 GET /wishlist 302 66 - 21.417 ms[39m
2026-01-03 11:43:29:4329 [35mhttp[39m: [35m::1 GET /auth/login 200 22192 - 19.354 ms[39m
2026-01-03 11:43:36:4336 [35mhttp[39m: [35m::1 POST /auth/login 200 16 - 99.590 ms[39m
2026-01-03 11:43:36:4336 [35mhttp[39m: [35m::1 GET /home 200 57997 - 84.328 ms[39m
2026-01-03 11:43:41:4341 [35mhttp[39m: [35m::1 GET /shop/product?id=66b3466964d09fed99e8cbf0 200 17392 - 36.695 ms[39m
2026-01-03 11:43:50:4350 [35mhttp[39m: [35m::1 GET /cart 200 28368 - 46.197 ms[39m
2026-01-03 11:43:56:4356 [35mhttp[39m: [35m::1 GET / 302 54 - 5.085 ms[39m
2026-01-03 11:43:56:4356 [35mhttp[39m: [35m::1 GET /home 200 57997 - 56.347 ms[39m
2026-01-03 11:44:00:440 [35mhttp[39m: [35m::1 GET /shop/product/search?q=apple 200 22978 - 23.289 ms[39m
2026-01-03 11:44:46:4446 [33mwarn[39m: [33m404 - Page not found: GET /sh[39m
2026-01-03 11:44:46:4446 [35mhttp[39m: [35m::1 GET /sh 404 10436 - 11.460 ms[39m
2026-01-03 11:44:49:4449 [35mhttp[39m: [35m::1 GET / 302 54 - 5.538 ms[39m
2026-01-03 11:44:49:4449 [35mhttp[39m: [35m::1 GET /home 200 57997 - 41.681 ms[39m
2026-01-03 11:44:54:4454 [35mhttp[39m: [35m::1 GET /shop/product?id=66c82f80b935f5b4a4d91e11 200 16766 - 27.570 ms[39m
2026-01-03 11:45:46:4546 [35mhttp[39m: [35m::1 GET /cart 200 28368 - 36.760 ms[39m
2026-01-03 11:45:49:4549 [35mhttp[39m: [35m::1 GET /checkout 200 59632 - 49.005 ms[39m
2026-01-03 11:45:59:4559 [35mhttp[39m: [35m::1 POST /checkout/coupon/apply 200 53 - 10.080 ms[39m
2026-01-03 11:46:10:4610 [35mhttp[39m: [35m::1 GET /cart 200 28368 - 43.217 ms[39m
2026-01-03 11:46:14:4614 [35mhttp[39m: [35m::1 DELETE /cart/remove 200 51 - 18.841 ms[39m
2026-01-03 11:46:16:4616 [35mhttp[39m: [35m::1 GET /cart 200 27015 - 41.467 ms[39m
2026-01-03 11:46:24:4624 [35mhttp[39m: [35m::1 DELETE /cart/remove 200 51 - 5.370 ms[39m
2026-01-03 11:46:25:4625 [35mhttp[39m: [35m::1 GET /cart 200 25582 - 35.464 ms[39m
2026-01-03 11:46:29:4629 [35mhttp[39m: [35m::1 DELETE /cart/remove 200 51 - 7.036 ms[39m
2026-01-03 11:46:30:4630 [35mhttp[39m: [35m::1 GET /cart 200 24104 - 33.794 ms[39m
2026-01-03 11:46:32:4632 [35mhttp[39m: [35m::1 PATCH /cart/update 200 54 - 23.466 ms[39m
2026-01-03 11:46:39:4639 [35mhttp[39m: [35m::1 GET /shop/product?id=66a545c91bd7369a46cafbcc 200 17331 - 29.339 ms[39m
2026-01-03 11:46:43:4643 [35mhttp[39m: [35m::1 POST /cart/add 200 61 - 5.043 ms[39m
